// Jest Snapshot v1, https://goo.gl/fbAQLP

exports[`Screen1 should render the same as the snapshot 1`] = `
<View
  style={
    {
      "alignItems": "center",
      "backgroundColor": "rgba(67,241,181,0.3)",
      "flex": 1,
      "justifyContent": "center",
    }
  }
>
  <Text
    style={
      {
        "fontSize": 50,
        "fontWeight": "bold",
        "marginBottom": 20,
      }
    }
  >
    Screen1
  </Text>
  <View
    accessibilityState={
      {
        "busy": undefined,
        "checked": undefined,
        "disabled": undefined,
        "expanded": undefined,
        "selected": undefined,
      }
    }
    accessibilityValue={
      {
        "max": undefined,
        "min": undefined,
        "now": undefined,
        "text": undefined,
      }
    }
    accessible={true}
    collapsable={false}
    focusable={true}
    onBlur={[Function]}
    onClick={[Function]}
    onFocus={[Function]}
    onResponderGrant={[Function]}
    onResponderMove={[Function]}
    onResponderRelease={[Function]}
    onResponderTerminate={[Function]}
    onResponderTerminationRequest={[Function]}
    onStartShouldSetResponder={[Function]}
    style={
      {
        "backgroundColor": "#b8e378",
        "borderRadius": 5,
        "padding": 10,
      }
    }
  >
    <Text
      style={
        {
          "color": "white",
          "fontSize": 20,
          "fontWeight": "bold",
        }
      }
    >
      RN Navigation -&gt; Screen 2
    </Text>
  </View>
</View>
`;

exports[`Screen2 should render the same as the snapshot 1`] = `
<View
  style={
    {
      "alignItems": "center",
      "backgroundColor": "rgba(67,241,181,0.3)",
      "flex": 1,
      "justifyContent": "center",
    }
  }
>
  <Text
    style={
      {
        "fontSize": 50,
        "fontWeight": "bold",
        "marginBottom": 20,
      }
    }
  >
    Screen2
  </Text>
</View>
`;
