// Jest Snapshot v1, https://goo.gl/fbAQLP

exports[`Screen2 should render the same as the snapshot 1`] = `
<View
  style={
    {
      "alignItems": "center",
      "backgroundColor": "rgba(67,241,181,0.3)",
      "flex": 1,
      "justifyContent": "center",
    }
  }
>
  <Text
    style={
      {
        "fontSize": 50,
        "fontWeight": "bold",
        "marginBottom": 20,
      }
    }
  >
    Screen2
  </Text>
</View>
`;
